// Jest Snapshot v1, https://goo.gl/fbAQLP

exports[`UserDetails  renders correctly 1`] = `
<div
  className="css-1foy0fl"
>
  <div
    className="css-t517ds"
  >
    <div
      className="css-1v81ncp"
    >
      <div
        className="css-1gvp5h0"
      >
        <hr
          aria-orientation="horizontal"
          className="chakra-divider css-1upb9tn"
        />
        <div
          className="css-8g2ide"
        >
          <div
            className="css-azx95j"
          >
            <h2
              className="chakra-heading css-0"
            >
              test
            </h2>
          </div>
        </div>
      </div>
      <div
        className="css-1gvp5h0"
      >
        <hr
          aria-orientation="horizontal"
          className="chakra-divider css-1upb9tn"
        />
        <div
          className="css-8hm5fo"
        >
          <p
            className="chakra-text css-in3yi3"
          >
            Email 
          </p>
           
          <p
            className="chakra-text css-0"
          >
            user@starbooks.com
          </p>
        </div>
      </div>
      <div
        className="css-1gvp5h0"
      >
        <hr
          aria-orientation="horizontal"
          className="chakra-divider css-1upb9tn"
        />
        <div
          className="css-8hm5fo"
        >
          <p
            className="chakra-text css-in3yi3"
          >
            Phone Number
          </p>
           
          <p
            className="chakra-text css-0"
          >
            +49 1234567890
          </p>
        </div>
      </div>
      <div
        className="css-1gvp5h0"
      >
        <hr
          aria-orientation="horizontal"
          className="chakra-divider css-1upb9tn"
        />
        <div
          className="css-8hm5fo"
        >
          <p
            className="chakra-text css-in3yi3"
          >
            Date of Birth: 
          </p>
           
          <p
            className="chakra-text css-0"
          >
            01 Jan 2000
          </p>
        </div>
      </div>
      <div
        className="css-1gvp5h0"
      >
        <hr
          aria-orientation="horizontal"
          className="chakra-divider css-1upb9tn"
        />
        <div
          className="css-8hm5fo"
        >
          <p
            className="chakra-text css-in3yi3"
          >
            Membership Expiry: 
          </p>
           
          <p
            className="chakra-text css-bjcoli"
          >
            01 Jan 2031
          </p>
        </div>
      </div>
      <div
        className="css-1gvp5h0"
      >
        <hr
          aria-orientation="horizontal"
          className="chakra-divider css-1upb9tn"
        />
        <div
          className="css-8hm5fo"
        >
          <p
            className="chakra-text css-in3yi3"
          >
            Book Limit: 
          </p>
           
          <p
            className="chakra-text css-0"
          >
            2
          </p>
        </div>
      </div>
      <hr
        aria-orientation="horizontal"
        className="chakra-divider css-1upb9tn"
      />
      <div
        className="css-ay71wn"
      >
        <div
          className="chakra-stack css-1y3f6ad"
        >
          <h2
            className="chakra-heading css-0"
          >
            Active Rentals
          </h2>
        </div>
        <hr
          aria-orientation="horizontal"
          className="chakra-divider css-9c8gsq"
        />
        <p
          className="chakra-text css-0"
        >
          There are currently no active rentals
        </p>
      </div>
    </div>
  </div>
</div>
`;
