// Jest Snapshot v1, https://goo.gl/fbAQLP

exports[`BookDetails  renders correctly 1`] = `
<div
  className="css-1foy0fl"
>
  <div
    className="css-t517ds"
  >
    <div
      className="css-ja053v"
    >
      <div
        className="css-1cfqanb"
      >
        <img
          className="chakra-image css-1gdciqd"
          src="https://images-na.ssl-images-amazon.com/images/S/compressed.photo.goodreads.com/books/1681496408i/58536026.jpg"
        />
      </div>
      <div
        className="css-1gvp5h0"
      >
        <hr
          aria-orientation="horizontal"
          className="chakra-divider css-1upb9tn"
        />
        <div
          className="css-1enoi9r"
        >
           
        </div>
      </div>
      <div
        className="css-1gvp5h0"
      >
         
        <div
          className="css-azx95j"
        >
          <h2
            className="chakra-heading css-0"
          >
            test
          </h2>
        </div>
      </div>
      <div
        className="css-1gvp5h0"
      >
        <hr
          aria-orientation="horizontal"
          className="chakra-divider css-1upb9tn"
        />
        <div
          className="css-8hm5fo"
        >
          <p
            className="chakra-text css-in3yi3"
          >
            Author: 
          </p>
           
          <p
            className="chakra-text css-0"
          >
            author1
          </p>
        </div>
      </div>
      <div
        className="css-1gvp5h0"
      >
        <hr
          aria-orientation="horizontal"
          className="chakra-divider css-1upb9tn"
        />
        <div
          className="css-8hm5fo"
        >
          <p
            className="chakra-text css-in3yi3"
          >
            Year Published: 
          </p>
           
          <p
            className="chakra-text css-0"
          >
            2021
          </p>
        </div>
      </div>
      <div
        className="css-1gvp5h0"
      >
        <hr
          aria-orientation="horizontal"
          className="chakra-divider css-1upb9tn"
        />
        <div
          className="css-8hm5fo"
        >
          <p
            className="chakra-text css-in3yi3"
          >
            Genre: 
          </p>
           
          <p
            className="chakra-text css-0"
          >
            genre1
          </p>
        </div>
      </div>
      <div
        className="css-1gvp5h0"
      >
        <hr
          aria-orientation="horizontal"
          className="chakra-divider css-1upb9tn"
        />
        <div
          className="css-8hm5fo"
        >
          <p
            className="chakra-text css-in3yi3"
          >
            Availability: 
          </p>
           
          <span
            className="chakra-badge css-9b3zcq"
          >
            Available (1 copies)
          </span>
        </div>
      </div>
      <div
        className="css-1gvp5h0"
      >
        <hr
          aria-orientation="horizontal"
          className="chakra-divider css-1upb9tn"
        />
        <div
          className="css-8hm5fo"
        >
          <p
            className="chakra-text css-in3yi3"
          >
            Rating: 
          </p>
           
          <p
            className="chakra-text css-0"
          >
            5
          </p>
        </div>
      </div>
      <div
        className="css-1k4ipjk"
      >
        <h2
          className="chakra-heading css-0"
        >
          Description
        </h2>
        <hr
          aria-orientation="horizontal"
          className="chakra-divider css-9c8gsq"
        />
        <p
          className="chakra-text css-0"
        >
          test
        </p>
      </div>
    </div>
  </div>
</div>
`;
